#-----------------------------------------------------------
# Vivado v2024.1 (64-bit)
# SW Build 5076996 on Wed May 22 18:37:14 MDT 2024
# IP Build 5075265 on Wed May 22 21:45:21 MDT 2024
# SharedData Build 5076995 on Wed May 22 18:29:18 MDT 2024
# Start of session at: Sun Jun 30 10:56:44 2024
# Process ID: 9164
# Current directory: C:/Users/ugheewala/OneDrive - NVIDIA Corporation/Documents/Projects/benchmarking/vivado
# Command line: vivado.exe -mode batch -source vivado_script.tcl
# Log file: C:/Users/ugheewala/OneDrive - NVIDIA Corporation/Documents/Projects/benchmarking/vivado/vivado.log
# Journal file: C:/Users/ugheewala/OneDrive - NVIDIA Corporation/Documents/Projects/benchmarking/vivado\vivado.jou
# Running On        :NV-2ZTD344
# Platform          :Windows Server 2016 or Windows 10
# Operating System  :22631
# Processor Detail  :Intel(R) Core(TM) Ultra 7 165H
# CPU Frequency     :3072 MHz
# CPU Physical cores:16
# CPU Logical cores :22
# Host memory       :33962 MB
# Swap memory       :5368 MB
# Total Virtual     :39331 MB
# Available Virtual :20138 MB
#-----------------------------------------------------------
source vivado_script.tcl
